This is XeTeX, Version 3.141592653-2.6-0.999996 (TeX Live 2024) (preloaded format=xelatex 2024.4.2)  9 JUN 2026 11:01
entering extended mode
 restricted \write18 enabled.
 %&-line parsing enabled.
**report.tex
(./report.tex
LaTeX2e <2023-11-01> patch level 1
L3 programming layer <2024-02-20>

(d:/download professional/what is this/texlive/2024/texmf-dist/tex/latex/ctex/c
texart.cls
(d:/download professional/what is this/texlive/2024/texmf-dist/tex/latex/ctex/c
onfig/ctexbackend.cfg
File: ctexbackend.cfg 2022/07/14 v2.5.10 Backend configuration file (CTEX)
)
(d:/download professional/what is this/texlive/2024/texmf-dist/tex/latex/l3kern
el/expl3.sty
Package: expl3 2024-02-20 L3 programming layer (loader) 

(d:/download professional/what is this/texlive/2024/texmf-dist/tex/latex/l3back
end/l3backend-xetex.def
File: l3backend-xetex.def 2024-02-20 L3 backend support: XeTeX
\g__graphics_track_int=\count184
\l__pdf_internal_box=\box51
\g__pdf_backend_object_int=\count185
\g__pdf_backend_annotation_int=\count186
\g__pdf_backend_link_int=\count187
))
Document Class: ctexart 2022/07/14 v2.5.10 Chinese adapter for class article (C
TEX)

(d:/download professional/what is this/texlive/2024/texmf-dist/tex/latex/ctex/c
texhook.sty
Package: ctexhook 2022/07/14 v2.5.10 Document and package hooks (CTEX)
)
(d:/download professional/what is this/texlive/2024/texmf-dist/tex/latex/ctex/c
texpatch.sty
Package: ctexpatch 2022/07/14 v2.5.10 Patching commands (CTEX)
)
(d:/download professional/what is this/texlive/2024/texmf-dist/tex/latex/base/f
ix-cm.sty
Package: fix-cm 2020/11/24 v1.1t fixes to LaTeX

(d:/download professional/what is this/texlive/2024/texmf-dist/tex/latex/base/t
s1enc.def
File: ts1enc.def 2001/06/05 v3.0e (jk/car/fm) Standard LaTeX file
LaTeX Font Info:    Redeclaring font encoding TS1 on input line 47.
))
\l__ctex_tmp_int=\count188
\l__ctex_tmp_box=\box52
\l__ctex_tmp_dim=\dimen140
\g__ctex_section_depth_int=\count189
\g__ctex_font_size_int=\count190

(d:/download professional/what is this/texlive/2024/texmf-dist/tex/latex/ctex/c
onfig/ctexopts.cfg
File: ctexopts.cfg 2022/07/14 v2.5.10 Option configuration file (CTEX)
)
(d:/download professional/what is this/texlive/2024/texmf-dist/tex/latex/base/a
rticle.cls
Document Class: article 2023/05/17 v1.4n Standard LaTeX document class

(d:/download professional/what is this/texlive/2024/texmf-dist/tex/latex/base/s
ize12.clo
File: size12.clo 2023/05/17 v1.4n Standard LaTeX file (size option)
)
\c@part=\count191
\c@section=\count192
\c@subsection=\count193
\c@subsubsection=\count194
\c@paragraph=\count195
\c@subparagraph=\count196
\c@figure=\count197
\c@table=\count198
\abovecaptionskip=\skip48
\belowcaptionskip=\skip49
\bibindent=\dimen141
)
(d:/download professional/what is this/texlive/2024/texmf-dist/tex/latex/ctex/e
ngine/ctex-engine-xetex.def
File: ctex-engine-xetex.def 2022/07/14 v2.5.10 XeLaTeX adapter (CTEX)

(d:/download professional/what is this/texlive/2024/texmf-dist/tex/xelatex/xecj
k/xeCJK.sty
Package: xeCJK 2022/08/05 v3.9.1 Typesetting CJK scripts with XeLaTeX

(d:/download professional/what is this/texlive/2024/texmf-dist/tex/latex/l3pack
ages/xtemplate/xtemplate.sty
(d:/download professional/what is this/texlive/2024/texmf-dist/tex/latex/l3pack
ages/xtemplate/xtemplate-2023-10-10.sty
Package: xtemplate 2023-10-10 L3 Experimental prototype document functions
\l__xtemplate_tmp_dim=\dimen142
\l__xtemplate_tmp_int=\count199
\l__xtemplate_tmp_muskip=\muskip16
\l__xtemplate_tmp_skip=\skip50
))
\l__xeCJK_tmp_int=\count266
\l__xeCJK_tmp_box=\box53
\l__xeCJK_tmp_dim=\dimen143
\l__xeCJK_tmp_skip=\skip51
\g__xeCJK_space_factor_int=\count267
\l__xeCJK_begin_int=\count268
\l__xeCJK_end_int=\count269
\c__xeCJK_CJK_class_int=\XeTeXcharclass1
\c__xeCJK_FullLeft_class_int=\XeTeXcharclass2
\c__xeCJK_FullRight_class_int=\XeTeXcharclass3
\c__xeCJK_HalfLeft_class_int=\XeTeXcharclass4
\c__xeCJK_HalfRight_class_int=\XeTeXcharclass5
\c__xeCJK_NormalSpace_class_int=\XeTeXcharclass6
\c__xeCJK_CM_class_int=\XeTeXcharclass7
\c__xeCJK_HangulJamo_class_int=\XeTeXcharclass8
\l__xeCJK_last_skip=\skip52
\c__xeCJK_none_node=\count270
\g__xeCJK_node_int=\count271
\c__xeCJK_CJK_node_dim=\dimen144
\c__xeCJK_CJK-space_node_dim=\dimen145
\c__xeCJK_default_node_dim=\dimen146
\c__xeCJK_CJK-widow_node_dim=\dimen147
\c__xeCJK_normalspace_node_dim=\dimen148
\c__xeCJK_default-space_node_skip=\skip53
\l__xeCJK_ccglue_skip=\skip54
\l__xeCJK_ecglue_skip=\skip55
\l__xeCJK_punct_kern_skip=\skip56
\l__xeCJK_indent_box=\box54
\l__xeCJK_last_penalty_int=\count272
\l__xeCJK_last_bound_dim=\dimen149
\l__xeCJK_last_kern_dim=\dimen150
\l__xeCJK_widow_penalty_int=\count273

Package xtemplate Info: Declaring object type 'xeCJK/punctuation' taking 0
(xtemplate)             argument(s) on line 2396.

\l__xeCJK_fixed_punct_width_dim=\dimen151
\l__xeCJK_mixed_punct_width_dim=\dimen152
\l__xeCJK_middle_punct_width_dim=\dimen153
\l__xeCJK_fixed_margin_width_dim=\dimen154
\l__xeCJK_mixed_margin_width_dim=\dimen155
\l__xeCJK_middle_margin_width_dim=\dimen156
\l__xeCJK_bound_punct_width_dim=\dimen157
\l__xeCJK_bound_margin_width_dim=\dimen158
\l__xeCJK_margin_minimum_dim=\dimen159
\l__xeCJK_kerning_total_width_dim=\dimen160
\l__xeCJK_same_align_margin_dim=\dimen161
\l__xeCJK_different_align_margin_dim=\dimen162
\l__xeCJK_kerning_margin_width_dim=\dimen163
\l__xeCJK_kerning_margin_minimum_dim=\dimen164
\l__xeCJK_bound_dim=\dimen165
\l__xeCJK_reverse_bound_dim=\dimen166
\l__xeCJK_margin_dim=\dimen167
\l__xeCJK_minimum_bound_dim=\dimen168
\l__xeCJK_kerning_margin_dim=\dimen169
\g__xeCJK_family_int=\count274
\l__xeCJK_fam_int=\count275
\g__xeCJK_fam_allocation_int=\count276
\l__xeCJK_verb_case_int=\count277
\l__xeCJK_verb_exspace_skip=\skip57

(d:/download professional/what is this/texlive/2024/texmf-dist/tex/latex/fontsp
ec/fontspec.sty
(d:/download professional/what is this/texlive/2024/texmf-dist/tex/latex/l3pack
ages/xparse/xparse.sty
Package: xparse 2024-02-18 L3 Experimental document command parser
)
Package: fontspec 2024/02/13 v2.9a Font selection for XeLaTeX and LuaLaTeX

(d:/download professional/what is this/texlive/2024/texmf-dist/tex/latex/fontsp
ec/fontspec-xetex.sty
Package: fontspec-xetex 2024/02/13 v2.9a Font selection for XeLaTeX and LuaLaTe
X
\l__fontspec_script_int=\count278
\l__fontspec_language_int=\count279
\l__fontspec_strnum_int=\count280
\l__fontspec_tmp_int=\count281
\l__fontspec_tmpa_int=\count282
\l__fontspec_tmpb_int=\count283
\l__fontspec_tmpc_int=\count284
\l__fontspec_em_int=\count285
\l__fontspec_emdef_int=\count286
\l__fontspec_strong_int=\count287
\l__fontspec_strongdef_int=\count288
\l__fontspec_tmpa_dim=\dimen170
\l__fontspec_tmpb_dim=\dimen171
\l__fontspec_tmpc_dim=\dimen172

(d:/download professional/what is this/texlive/2024/texmf-dist/tex/latex/base/f
ontenc.sty
Package: fontenc 2021/04/29 v2.0v Standard LaTeX package
)
(d:/download professional/what is this/texlive/2024/texmf-dist/tex/latex/fontsp
ec/fontspec.cfg)))
(d:/download professional/what is this/texlive/2024/texmf-dist/tex/xelatex/xecj
k/xeCJK.cfg
File: xeCJK.cfg 2022/08/05 v3.9.1 Configuration file for xeCJK package
))
\ccwd=\dimen173
\l__ctex_ccglue_skip=\skip58
)
\l__ctex_ziju_dim=\dimen174

(d:/download professional/what is this/texlive/2024/texmf-dist/tex/latex/zhnumb
er/zhnumber.sty
Package: zhnumber 2022/07/14 v3.0 Typesetting numbers with Chinese glyphs
\l__zhnum_scale_int=\count289
\l__zhnum_tmp_int=\count290

(d:/download professional/what is this/texlive/2024/texmf-dist/tex/latex/zhnumb
er/zhnumber-utf8.cfg
File: zhnumber-utf8.cfg 2022/07/14 v3.0 Chinese numerals with UTF8 encoding
))
\l__ctex_heading_skip=\skip59

(d:/download professional/what is this/texlive/2024/texmf-dist/tex/latex/ctex/s
cheme/ctex-scheme-chinese-article.def
File: ctex-scheme-chinese-article.def 2022/07/14 v2.5.10 Chinese scheme for art
icle (CTEX)

(d:/download professional/what is this/texlive/2024/texmf-dist/tex/latex/ctex/c
onfig/ctex-name-utf8.cfg
File: ctex-name-utf8.cfg 2022/07/14 v2.5.10 Caption with encoding UTF-8 (CTEX)
))
(d:/download professional/what is this/texlive/2024/texmf-dist/tex/latex/ctex/c
tex-cs4size.clo
File: ctex-cs4size.clo 2022/07/14 v2.5.10 cs4size option (CTEX)
))
(d:/download professional/what is this/texlive/2024/texmf-dist/tex/latex/ctex/c
onfig/ctex.cfg
File: ctex.cfg 2022/07/14 v2.5.10 Configuration file (CTEX)
)
(d:/download professional/what is this/texlive/2024/texmf-dist/tex/latex/geomet
ry/geometry.sty
Package: geometry 2020/01/02 v5.9 Page Geometry

(d:/download professional/what is this/texlive/2024/texmf-dist/tex/latex/graphi
cs/keyval.sty
Package: keyval 2022/05/29 v1.15 key=value parser (DPC)
\KV@toks@=\toks17
)
(d:/download professional/what is this/texlive/2024/texmf-dist/tex/generic/ifte
x/ifvtex.sty
Package: ifvtex 2019/10/25 v1.7 ifvtex legacy package. Use iftex instead.

(d:/download professional/what is this/texlive/2024/texmf-dist/tex/generic/ifte
x/iftex.sty
Package: iftex 2022/02/03 v1.0f TeX engine tests
))
\Gm@cnth=\count291
\Gm@cntv=\count292
\c@Gm@tempcnt=\count293
\Gm@bindingoffset=\dimen175
\Gm@wd@mp=\dimen176
\Gm@odd@mp=\dimen177
\Gm@even@mp=\dimen178
\Gm@layoutwidth=\dimen179
\Gm@layoutheight=\dimen180
\Gm@layouthoffset=\dimen181
\Gm@layoutvoffset=\dimen182
\Gm@dimlist=\toks18
)
(d:/download professional/what is this/texlive/2024/texmf-dist/tex/latex/graphi
cs/graphicx.sty
Package: graphicx 2021/09/16 v1.2d Enhanced LaTeX Graphics (DPC,SPQR)

(d:/download professional/what is this/texlive/2024/texmf-dist/tex/latex/graphi
cs/graphics.sty
Package: graphics 2022/03/10 v1.4e Standard LaTeX Graphics (DPC,SPQR)

(d:/download professional/what is this/texlive/2024/texmf-dist/tex/latex/graphi
cs/trig.sty
Package: trig 2021/08/11 v1.11 sin cos tan (DPC)
)
(d:/download professional/what is this/texlive/2024/texmf-dist/tex/latex/graphi
cs-cfg/graphics.cfg
File: graphics.cfg 2016/06/04 v1.11 sample graphics configuration
)
Package graphics Info: Driver file: xetex.def on input line 107.

(d:/download professional/what is this/texlive/2024/texmf-dist/tex/latex/graphi
cs-def/xetex.def
File: xetex.def 2022/09/22 v5.0n Graphics/color driver for xetex
))
\Gin@req@height=\dimen183
\Gin@req@width=\dimen184
)
(d:/download professional/what is this/texlive/2024/texmf-dist/tex/latex/tools/
array.sty
Package: array 2023/10/16 v2.5g Tabular extension package (FMi)
\col@sep=\dimen185
\ar@mcellbox=\box55
\extrarowheight=\dimen186
\NC@list=\toks19
\extratabsurround=\skip60
\backup@length=\skip61
\ar@cellbox=\box56
)
(d:/download professional/what is this/texlive/2024/texmf-dist/tex/latex/setspa
ce/setspace.sty
Package: setspace 2022/12/04 v6.7b set line spacing
)
(d:/download professional/what is this/texlive/2024/texmf-dist/tex/latex/tools/
calc.sty
Package: calc 2023/07/08 v4.3 Infix arithmetic (KKT,FJ)
\calc@Acount=\count294
\calc@Bcount=\count295
\calc@Adimen=\dimen187
\calc@Bdimen=\dimen188
\calc@Askip=\skip62
\calc@Bskip=\skip63
LaTeX Info: Redefining \setlength on input line 80.
LaTeX Info: Redefining \addtolength on input line 81.
\calc@Ccount=\count296
\calc@Cskip=\skip64
)
(d:/download professional/what is this/texlive/2024/texmf-dist/tex/latex/base/i
fthen.sty
Package: ifthen 2022/04/13 v1.1d Standard LaTeX ifthen package (DPC)
)
(d:/download professional/what is this/texlive/2024/texmf-dist/tex/latex/titles
ec/titlesec.sty
Package: titlesec 2023/10/27 v2.16 Sectioning titles
\ttl@box=\box57
\beforetitleunit=\skip65
\aftertitleunit=\skip66
\ttl@plus=\dimen189
\ttl@minus=\dimen190
\ttl@toksa=\toks20
\titlewidth=\dimen191
\titlewidthlast=\dimen192
\titlewidthfirst=\dimen193
)
(d:/download professional/what is this/texlive/2024/texmf-dist/tex/latex/captio
n/caption.sty
Package: caption 2023/08/05 v3.6o Customizing captions (AR)

(d:/download professional/what is this/texlive/2024/texmf-dist/tex/latex/captio
n/caption3.sty
Package: caption3 2023/07/31 v2.4d caption3 kernel (AR)
\caption@tempdima=\dimen194
\captionmargin=\dimen195
\caption@leftmargin=\dimen196
\caption@rightmargin=\dimen197
\caption@width=\dimen198
\caption@indent=\dimen199
\caption@parindent=\dimen256
\caption@hangindent=\dimen257
Package caption Info: Standard document class detected.
)
\c@caption@flags=\count297
\c@continuedfloat=\count298
)
(d:/download professional/what is this/texlive/2024/texmf-dist/tex/latex/fancyh
dr/fancyhdr.sty
Package: fancyhdr 2022/11/09 v4.1 Extensive control of page headers and footers

\f@nch@headwidth=\skip67
\f@nch@O@elh=\skip68
\f@nch@O@erh=\skip69
\f@nch@O@olh=\skip70
\f@nch@O@orh=\skip71
\f@nch@O@elf=\skip72
\f@nch@O@erf=\skip73
\f@nch@O@olf=\skip74
\f@nch@O@orf=\skip75
)
(d:/download professional/what is this/texlive/2024/texmf-dist/tex/latex/amsmat
h/amsmath.sty
Package: amsmath 2023/05/13 v2.17o AMS math features
\@mathmargin=\skip76

For additional information on amsmath, use the `?' option.

(d:/download professional/what is this/texlive/2024/texmf-dist/tex/latex/amsmat
h/amstext.sty
Package: amstext 2021/08/26 v2.01 AMS text

(d:/download professional/what is this/texlive/2024/texmf-dist/tex/latex/amsmat
h/amsgen.sty
File: amsgen.sty 1999/11/30 v2.0 generic functions
\@emptytoks=\toks21
\ex@=\dimen258
))
(d:/download professional/what is this/texlive/2024/texmf-dist/tex/latex/amsmat
h/amsbsy.sty
Package: amsbsy 1999/11/29 v1.2d Bold Symbols
\pmbraise@=\dimen259
)
(d:/download professional/what is this/texlive/2024/texmf-dist/tex/latex/amsmat
h/amsopn.sty
Package: amsopn 2022/04/08 v2.04 operator names
)
\inf@bad=\count299
LaTeX Info: Redefining \frac on input line 234.
\uproot@=\count300
\leftroot@=\count301
LaTeX Info: Redefining \overline on input line 399.
LaTeX Info: Redefining \colon on input line 410.
\classnum@=\count302
\DOTSCASE@=\count303
LaTeX Info: Redefining \ldots on input line 496.
LaTeX Info: Redefining \dots on input line 499.
LaTeX Info: Redefining \cdots on input line 620.
\Mathstrutbox@=\box58
\strutbox@=\box59
LaTeX Info: Redefining \big on input line 722.
LaTeX Info: Redefining \Big on input line 723.
LaTeX Info: Redefining \bigg on input line 724.
LaTeX Info: Redefining \Bigg on input line 725.
\big@size=\dimen260
LaTeX Font Info:    Redeclaring font encoding OML on input line 743.
LaTeX Font Info:    Redeclaring font encoding OMS on input line 744.
\macc@depth=\count304
LaTeX Info: Redefining \bmod on input line 905.
LaTeX Info: Redefining \pmod on input line 910.
LaTeX Info: Redefining \smash on input line 940.
LaTeX Info: Redefining \relbar on input line 970.
LaTeX Info: Redefining \Relbar on input line 971.
\c@MaxMatrixCols=\count305
\dotsspace@=\muskip17
\c@parentequation=\count306
\dspbrk@lvl=\count307
\tag@help=\toks22
\row@=\count308
\column@=\count309
\maxfields@=\count310
\andhelp@=\toks23
\eqnshift@=\dimen261
\alignsep@=\dimen262
\tagshift@=\dimen263
\tagwidth@=\dimen264
\totwidth@=\dimen265
\lineht@=\dimen266
\@envbody=\toks24
\multlinegap=\skip77
\multlinetaggap=\skip78
\mathdisplay@stack=\toks25
LaTeX Info: Redefining \[ on input line 2953.
LaTeX Info: Redefining \] on input line 2954.
)
(d:/download professional/what is this/texlive/2024/texmf-dist/tex/latex/chngcn
tr/chngcntr.sty
Package: chngcntr 2018/04/09 v1.1a change counter resetting
Package chngcntr Info: \counterwithout already defined.
(chngcntr)             Quitting chngcntr on input line 21.
)
(d:/download professional/what is this/texlive/2024/texmf-dist/tex/latex/bookta
bs/booktabs.sty
Package: booktabs 2020/01/12 v1.61803398 Publication quality tables
\heavyrulewidth=\dimen267
\lightrulewidth=\dimen268
\cmidrulewidth=\dimen269
\belowrulesep=\dimen270
\belowbottomsep=\dimen271
\aboverulesep=\dimen272
\abovetopsep=\dimen273
\cmidrulesep=\dimen274
\cmidrulekern=\dimen275
\defaultaddspace=\dimen276
\@cmidla=\count311
\@cmidlb=\count312
\@aboverulesep=\dimen277
\@belowrulesep=\dimen278
\@thisruleclass=\count313
\@lastruleclass=\count314
\@thisrulewidth=\dimen279
)
(d:/download professional/what is this/texlive/2024/texmf-dist/tex/latex/xcolor
/xcolor.sty
Package: xcolor 2023/11/15 v3.01 LaTeX color extensions (UK)

(d:/download professional/what is this/texlive/2024/texmf-dist/tex/latex/graphi
cs-cfg/color.cfg
File: color.cfg 2016/01/02 v1.6 sample color configuration
)
Package xcolor Info: Driver file: xetex.def on input line 274.

(d:/download professional/what is this/texlive/2024/texmf-dist/tex/latex/graphi
cs/mathcolor.ltx)
Package xcolor Info: Model `cmy' substituted by `cmy0' on input line 1350.
Package xcolor Info: Model `RGB' extended on input line 1366.
Package xcolor Info: Model `HTML' substituted by `rgb' on input line 1368.
Package xcolor Info: Model `Hsb' substituted by `hsb' on input line 1369.
Package xcolor Info: Model `tHsb' substituted by `hsb' on input line 1370.
Package xcolor Info: Model `HSB' substituted by `hsb' on input line 1371.
Package xcolor Info: Model `Gray' substituted by `gray' on input line 1372.
Package xcolor Info: Model `wave' substituted by `hsb' on input line 1373.
)
(d:/download professional/what is this/texlive/2024/texmf-dist/tex/latex/toclof
t/tocloft.sty
Package: tocloft 2017/08/31 v2.3i parameterised ToC, etc., typesetting
Package tocloft Info: The document has section divisions on input line 51.
\cftparskip=\skip79
\cftbeforetoctitleskip=\skip80
\cftaftertoctitleskip=\skip81
\cftbeforepartskip=\skip82
\cftpartnumwidth=\skip83
\cftpartindent=\skip84
\cftbeforesecskip=\skip85
\cftsecindent=\skip86
\cftsecnumwidth=\skip87
\cftbeforesubsecskip=\skip88
\cftsubsecindent=\skip89
\cftsubsecnumwidth=\skip90
\cftbeforesubsubsecskip=\skip91
\cftsubsubsecindent=\skip92
\cftsubsubsecnumwidth=\skip93
\cftbeforeparaskip=\skip94
\cftparaindent=\skip95
\cftparanumwidth=\skip96
\cftbeforesubparaskip=\skip97
\cftsubparaindent=\skip98
\cftsubparanumwidth=\skip99
\cftbeforeloftitleskip=\skip100
\cftafterloftitleskip=\skip101
\cftbeforefigskip=\skip102
\cftfigindent=\skip103
\cftfignumwidth=\skip104
\c@lofdepth=\count315
\c@lotdepth=\count316
\cftbeforelottitleskip=\skip105
\cftafterlottitleskip=\skip106
\cftbeforetabskip=\skip107
\cfttabindent=\skip108
\cfttabnumwidth=\skip109
)
(d:/download professional/what is this/texlive/2024/texmf-dist/tex/latex/enumit
em/enumitem.sty
Package: enumitem 2019/06/20 v3.9 Customized lists
\labelindent=\skip110
\enit@outerparindent=\dimen280
\enit@toks=\toks26
\enit@inbox=\box60
\enit@count@id=\count317
\enitdp@description=\count318
)
(d:/download professional/what is this/texlive/2024/texmf-dist/tex/latex/tools/
indentfirst.sty
Package: indentfirst 2023/07/02 v1.03 Indent first paragraph (DPC)
)
(d:/download professional/what is this/texlive/2024/texmf-dist/tex/latex/url/ur
l.sty
\Urlmuskip=\muskip18
Package: url 2013/09/16  ver 3.4  Verb mode for urls, etc.
)
(d:/download professional/what is this/texlive/2024/texmf-dist/tex/latex/float/
float.sty
Package: float 2001/11/08 v1.3d Float enhancements (AL)
\c@float@type=\count319
\float@exts=\toks27
\float@box=\box61
\@float@everytoks=\toks28
\@floatcapt=\box62
)
(d:/download professional/what is this/texlive/2024/texmf-dist/tex/latex/amsfon
ts/amssymb.sty
Package: amssymb 2013/01/14 v3.01 AMS font symbols

(d:/download professional/what is this/texlive/2024/texmf-dist/tex/latex/amsfon
ts/amsfonts.sty
Package: amsfonts 2013/01/14 v3.01 Basic AMSFonts support
\symAMSa=\mathgroup4
\symAMSb=\mathgroup5
LaTeX Font Info:    Redeclaring math symbol \hbar on input line 98.
LaTeX Font Info:    Overwriting math alphabet `\mathfrak' in version `bold'
(Font)                  U/euf/m/n --> U/euf/b/n on input line 106.
))

Package fontspec Info: Font family 'TimesNewRoman(0)' created for font 'Times
(fontspec)             New Roman' with options
(fontspec)             [Ligatures=TeX,Path=C:/Windows/Fonts/,UprightFont=times.
ttf,BoldFont=timesbd.ttf,ItalicFont=timesi.ttf,BoldItalicFont=timesbi.ttf].
(fontspec)              
(fontspec)              This font family consists of the following NFSS
(fontspec)             series/shapes:
(fontspec)              
(fontspec)             - 'normal' (m/n) with NFSS spec.:
(fontspec)             <->"[C:/Windows/Fonts/times.ttf]/OT:script=latn;language
=dflt;mapping=tex-text;"
(fontspec)             - 'small caps'  (m/sc) with NFSS spec.:
(fontspec)             <->"[C:/Windows/Fonts/times.ttf]/OT:script=latn;language
=dflt;+smcp;mapping=tex-text;"
(fontspec)             - 'bold' (b/n) with NFSS spec.:
(fontspec)             <->"[C:/Windows/Fonts/timesbd.ttf]/OT:script=latn;langua
ge=dflt;mapping=tex-text;"
(fontspec)             - 'bold small caps'  (b/sc) with NFSS spec.:
(fontspec)             <->"[C:/Windows/Fonts/timesbd.ttf]/OT:script=latn;langua
ge=dflt;+smcp;mapping=tex-text;"
(fontspec)             - 'italic' (m/it) with NFSS spec.:
(fontspec)             <->"[C:/Windows/Fonts/timesi.ttf]/OT:script=latn;languag
e=dflt;mapping=tex-text;"
(fontspec)             - 'italic small caps'  (m/scit) with NFSS spec.:
(fontspec)             <->"[C:/Windows/Fonts/timesi.ttf]/OT:script=latn;languag
e=dflt;+smcp;mapping=tex-text;"
(fontspec)             - 'bold italic' (b/it) with NFSS spec.:
(fontspec)             <->"[C:/Windows/Fonts/timesbi.ttf]/OT:script=latn;langua
ge=dflt;mapping=tex-text;"
(fontspec)             - 'bold italic small caps'  (b/scit) with NFSS spec.:
(fontspec)             <->"[C:/Windows/Fonts/timesbi.ttf]/OT:script=latn;langua
ge=dflt;+smcp;mapping=tex-text;"


Package fontspec Info: Font family 'SimSun(0)' created for font 'SimSun' with
(fontspec)             options
(fontspec)             [Script={CJK},Path={C:/Windows/Fonts/},UprightFont={sims
un.ttc},AutoFakeBold={2}].
(fontspec)              
(fontspec)              This font family consists of the following NFSS
(fontspec)             series/shapes:
(fontspec)              
(fontspec)             - 'normal' (m/n) with NFSS spec.:
(fontspec)             <->"[C:/Windows/Fonts/simsun.ttc]/OT:script=hani;languag
e=dflt;"
(fontspec)             - 'small caps'  (m/sc) with NFSS spec.: 
(fontspec)             - 'bold' (b/n) with NFSS spec.:
(fontspec)             <->"[C:/Windows/Fonts/simsun.ttc]/OT:script=hani;languag
e=dflt;embolden=2;"
(fontspec)             - 'bold small caps'  (b/sc) with NFSS spec.: 


Package fontspec Info: Font family 'TimesNewRoman(1)' created for font 'Times
(fontspec)             New Roman' with options
(fontspec)             [Path=C:/Windows/Fonts/,UprightFont=times.ttf,BoldFont=t
imesbd.ttf,ItalicFont=timesi.ttf,BoldItalicFont=timesbi.ttf].
(fontspec)              
(fontspec)              This font family consists of the following NFSS
(fontspec)             series/shapes:
(fontspec)              
(fontspec)             - 'normal' (m/n) with NFSS spec.:
(fontspec)             <->"[C:/Windows/Fonts/times.ttf]/OT:script=latn;language
=dflt;"
(fontspec)             - 'small caps'  (m/sc) with NFSS spec.:
(fontspec)             <->"[C:/Windows/Fonts/times.ttf]/OT:script=latn;language
=dflt;+smcp;"
(fontspec)             - 'bold' (b/n) with NFSS spec.:
(fontspec)             <->"[C:/Windows/Fonts/timesbd.ttf]/OT:script=latn;langua
ge=dflt;"
(fontspec)             - 'bold small caps'  (b/sc) with NFSS spec.:
(fontspec)             <->"[C:/Windows/Fonts/timesbd.ttf]/OT:script=latn;langua
ge=dflt;+smcp;"
(fontspec)             - 'italic' (m/it) with NFSS spec.:
(fontspec)             <->"[C:/Windows/Fonts/timesi.ttf]/OT:script=latn;languag
e=dflt;"
(fontspec)             - 'italic small caps'  (m/scit) with NFSS spec.:
(fontspec)             <->"[C:/Windows/Fonts/timesi.ttf]/OT:script=latn;languag
e=dflt;+smcp;"
(fontspec)             - 'bold italic' (b/it) with NFSS spec.:
(fontspec)             <->"[C:/Windows/Fonts/timesbi.ttf]/OT:script=latn;langua
ge=dflt;"
(fontspec)             - 'bold italic small caps'  (b/scit) with NFSS spec.:
(fontspec)             <->"[C:/Windows/Fonts/timesbi.ttf]/OT:script=latn;langua
ge=dflt;+smcp;"


Package fontspec Info: Font family 'Tahoma(0)' created for font 'Tahoma' with
(fontspec)             options
(fontspec)             [Path=C:/Windows/Fonts/,UprightFont=tahoma.ttf,BoldFont=
tahomabd.ttf].
(fontspec)              
(fontspec)              This font family consists of the following NFSS
(fontspec)             series/shapes:
(fontspec)              
(fontspec)             - 'normal' (m/n) with NFSS spec.:
(fontspec)             <->"[C:/Windows/Fonts/tahoma.ttf]/OT:script=latn;languag
e=dflt;"
(fontspec)             - 'small caps'  (m/sc) with NFSS spec.: 
(fontspec)             - 'bold' (b/n) with NFSS spec.:
(fontspec)             <->"[C:/Windows/Fonts/tahomabd.ttf]/OT:script=latn;langu
age=dflt;"
(fontspec)             - 'bold small caps'  (b/sc) with NFSS spec.: 

 (./report.aux)
\openout1 = `report.aux'.

LaTeX Font Info:    Checking defaults for OML/cmm/m/it on input line 268.
LaTeX Font Info:    ... okay on input line 268.
LaTeX Font Info:    Checking defaults for OMS/cmsy/m/n on input line 268.
LaTeX Font Info:    ... okay on input line 268.
LaTeX Font Info:    Checking defaults for OT1/cmr/m/n on input line 268.
LaTeX Font Info:    ... okay on input line 268.
LaTeX Font Info:    Checking defaults for T1/cmr/m/n on input line 268.
LaTeX Font Info:    ... okay on input line 268.
LaTeX Font Info:    Checking defaults for TS1/cmr/m/n on input line 268.
LaTeX Font Info:    ... okay on input line 268.
LaTeX Font Info:    Checking defaults for TU/lmr/m/n on input line 268.
LaTeX Font Info:    ... okay on input line 268.
LaTeX Font Info:    Checking defaults for OMX/cmex/m/n on input line 268.
LaTeX Font Info:    ... okay on input line 268.
LaTeX Font Info:    Checking defaults for U/cmr/m/n on input line 268.
LaTeX Font Info:    ... okay on input line 268.

Package fontspec Info: Adjusting the maths setup (use [no-math] to avoid
(fontspec)             this).

\symlegacymaths=\mathgroup6
LaTeX Font Info:    Overwriting symbol font `legacymaths' in version `bold'
(Font)                  OT1/cmr/m/n --> OT1/cmr/bx/n on input line 268.
LaTeX Font Info:    Redeclaring math accent \acute on input line 268.
LaTeX Font Info:    Redeclaring math accent \grave on input line 268.
LaTeX Font Info:    Redeclaring math accent \ddot on input line 268.
LaTeX Font Info:    Redeclaring math accent \tilde on input line 268.
LaTeX Font Info:    Redeclaring math accent \bar on input line 268.
LaTeX Font Info:    Redeclaring math accent \breve on input line 268.
LaTeX Font Info:    Redeclaring math accent \check on input line 268.
LaTeX Font Info:    Redeclaring math accent \hat on input line 268.
LaTeX Font Info:    Redeclaring math accent \dot on input line 268.
LaTeX Font Info:    Redeclaring math accent \mathring on input line 268.
LaTeX Font Info:    Redeclaring math symbol \Gamma on input line 268.
LaTeX Font Info:    Redeclaring math symbol \Delta on input line 268.
LaTeX Font Info:    Redeclaring math symbol \Theta on input line 268.
LaTeX Font Info:    Redeclaring math symbol \Lambda on input line 268.
LaTeX Font Info:    Redeclaring math symbol \Xi on input line 268.
LaTeX Font Info:    Redeclaring math symbol \Pi on input line 268.
LaTeX Font Info:    Redeclaring math symbol \Sigma on input line 268.
LaTeX Font Info:    Redeclaring math symbol \Upsilon on input line 268.
LaTeX Font Info:    Redeclaring math symbol \Phi on input line 268.
LaTeX Font Info:    Redeclaring math symbol \Psi on input line 268.
LaTeX Font Info:    Redeclaring math symbol \Omega on input line 268.
LaTeX Font Info:    Redeclaring math symbol \mathdollar on input line 268.
LaTeX Font Info:    Redeclaring symbol font `operators' on input line 268.
LaTeX Font Info:    Encoding `OT1' has changed to `TU' for symbol font
(Font)              `operators' in the math version `normal' on input line 268.

LaTeX Font Info:    Overwriting symbol font `operators' in version `normal'
(Font)                  OT1/cmr/m/n --> TU/TimesNewRoman(0)/m/n on input line 2
68.
LaTeX Font Info:    Encoding `OT1' has changed to `TU' for symbol font
(Font)              `operators' in the math version `bold' on input line 268.
LaTeX Font Info:    Overwriting symbol font `operators' in version `bold'
(Font)                  OT1/cmr/bx/n --> TU/TimesNewRoman(0)/m/n on input line 
268.
LaTeX Font Info:    Overwriting symbol font `operators' in version `normal'
(Font)                  TU/TimesNewRoman(0)/m/n --> TU/TimesNewRoman(0)/m/n on 
input line 268.
LaTeX Font Info:    Overwriting math alphabet `\mathit' in version `normal'
(Font)                  OT1/cmr/m/it --> TU/TimesNewRoman(0)/m/it on input line
 268.
LaTeX Font Info:    Overwriting math alphabet `\mathbf' in version `normal'
(Font)                  OT1/cmr/bx/n --> TU/TimesNewRoman(0)/b/n on input line 
268.
LaTeX Font Info:    Overwriting math alphabet `\mathsf' in version `normal'
(Font)                  OT1/cmss/m/n --> TU/lmss/m/n on input line 268.
LaTeX Font Info:    Overwriting math alphabet `\mathtt' in version `normal'
(Font)                  OT1/cmtt/m/n --> TU/lmtt/m/n on input line 268.
LaTeX Font Info:    Overwriting symbol font `operators' in version `bold'
(Font)                  TU/TimesNewRoman(0)/m/n --> TU/TimesNewRoman(0)/b/n on 
input line 268.
LaTeX Font Info:    Overwriting math alphabet `\mathit' in version `bold'
(Font)                  OT1/cmr/bx/it --> TU/TimesNewRoman(0)/b/it on input lin
e 268.
LaTeX Font Info:    Overwriting math alphabet `\mathsf' in version `bold'
(Font)                  OT1/cmss/bx/n --> TU/lmss/b/n on input line 268.
LaTeX Font Info:    Overwriting math alphabet `\mathtt' in version `bold'
(Font)                  OT1/cmtt/m/n --> TU/lmtt/b/n on input line 268.

*geometry* driver: auto-detecting
*geometry* detected driver: xetex
*geometry* verbose mode - [ preamble ] result:
* driver: xetex
* paper: a4paper
* layout: <same size as paper>
* layoutoffset:(h,v)=(0.0pt,0.0pt)
* modes: 
* h-part:(L,W,R)=(85.35826pt, 438.17245pt, 73.97716pt)
* v-part:(T,H,B)=(99.58464pt, 671.48505pt, 73.97716pt)
* \paperwidth=597.50787pt
* \paperheight=845.04684pt
* \textwidth=438.17245pt
* \textheight=671.48505pt
* \oddsidemargin=13.08827pt
* \evensidemargin=13.08827pt
* \topmargin=-4.94493pt
* \headheight=26.0pt
* \headsep=6.25958pt
* \topskip=12.0pt
* \footskip=17.07164pt
* \marginparwidth=35.0pt
* \marginparsep=10.0pt
* \columnsep=10.0pt
* \skip\footins=10.8pt plus 4.0pt minus 2.0pt
* \hoffset=0.0pt
* \voffset=0.0pt
* \mag=1000
* \@twocolumnfalse
* \@twosidefalse
* \@mparswitchfalse
* \@reversemarginfalse
* (1in=72.27pt=25.4mm, 1cm=28.453pt)

Package caption Info: Begin \AtBeginDocument code.
Package caption Info: float package is loaded.
Package caption Info: End \AtBeginDocument code.
File: pic/封面学校名称.png Graphic file (type bmp)
<pic/封面学校名称.png>

Package fontspec Info: Font family 'STXIHEI.TTF(0)' created for font
(fontspec)             'STXIHEI.TTF' with options
(fontspec)             [Script={CJK},Path={C:/Windows/Fonts/},AutoFakeBold={2.2
}].
(fontspec)              
(fontspec)              This font family consists of the following NFSS
(fontspec)             series/shapes:
(fontspec)              
(fontspec)             - 'normal' (m/n) with NFSS spec.:
(fontspec)             <->"[C:/Windows/Fonts/STXIHEI.TTF]/OT:script=hani;langua
ge=dflt;"
(fontspec)             - 'small caps'  (m/sc) with NFSS spec.: 
(fontspec)             - 'bold' (b/n) with NFSS spec.:
(fontspec)             <->"[C:/Windows/Fonts/STXIHEI.TTF]/OT:script=hani;langua
ge=dflt;embolden=2.2;"
(fontspec)             - 'bold small caps'  (b/sc) with NFSS spec.: 

LaTeX Font Info:    Calculating math sizes for size <22> on input line 270.
LaTeX Font Info:    Trying to load font information for U+msa on input line 270
.

(d:/download professional/what is this/texlive/2024/texmf-dist/tex/latex/amsfon
ts/umsa.fd
File: umsa.fd 2013/01/14 v3.01 AMS symbols A
)
LaTeX Font Info:    Trying to load font information for U+msb on input line 270
.

(d:/download professional/what is this/texlive/2024/texmf-dist/tex/latex/amsfon
ts/umsb.fd
File: umsb.fd 2013/01/14 v3.01 AMS symbols B
)
LaTeX Font Info:    Calculating math sizes for size <16> on input line 270.

Underfull \hbox (badness 10000) in paragraph at lines 270--270

 []

[1

]

Package fontspec Info: Font family 'simhei.ttf(0)' created for font
(fontspec)             'simhei.ttf' with options
(fontspec)             [Script={CJK},Path={C:/Windows/Fonts/},AutoFakeBold={2}]
.
(fontspec)              
(fontspec)              This font family consists of the following NFSS
(fontspec)             series/shapes:
(fontspec)              
(fontspec)             - 'normal' (m/n) with NFSS spec.:
(fontspec)             <->"[C:/Windows/Fonts/simhei.ttf]/OT:script=hani;languag
e=dflt;"
(fontspec)             - 'small caps'  (m/sc) with NFSS spec.: 
(fontspec)             - 'bold' (b/n) with NFSS spec.:
(fontspec)             <->"[C:/Windows/Fonts/simhei.ttf]/OT:script=hani;languag
e=dflt;embolden=2;"
(fontspec)             - 'bold small caps'  (b/sc) with NFSS spec.: 

 (./report.toc)
\tf@toc=\write3
\openout3 = `report.toc'.

 [1

]

Package fancyhdr Warning: \headheight is too small (26.0pt): 
(fancyhdr)                Make it at least 26.03632pt, for example:
(fancyhdr)                \setlength{\headheight}{26.03632pt}.
(fancyhdr)                You might also make \topmargin smaller to compensate:

(fancyhdr)                \addtolength{\topmargin}{-0.03632pt}.

[1


]
File: pic/技术路线图.png Graphic file (type bmp)
<pic/技术路线图.png>


Package fancyhdr Warning: \headheight is too small (26.0pt): 
(fancyhdr)                Make it at least 26.03632pt, for example:
(fancyhdr)                \setlength{\headheight}{26.03632pt}.
(fancyhdr)                You might also make \topmargin smaller to compensate:

(fancyhdr)                \addtolength{\topmargin}{-0.03632pt}.

[2]
File: pic/structure_of_llm.jpg Graphic file (type bmp)
<pic/structure_of_llm.jpg>


Package fancyhdr Warning: \headheight is too small (26.0pt): 
(fancyhdr)                Make it at least 26.03632pt, for example:
(fancyhdr)                \setlength{\headheight}{26.03632pt}.
(fancyhdr)                You might also make \topmargin smaller to compensate:

(fancyhdr)                \addtolength{\topmargin}{-0.03632pt}.

[3]

Package xeCJK Warning: Unknown CJK family `\CJKttdefault' is being ignored.
(xeCJK)                
(xeCJK)                Try to use `\setCJKmonofont[<...>]{<...>}' to define
(xeCJK)                it.


Package fancyhdr Warning: \headheight is too small (26.0pt): 
(fancyhdr)                Make it at least 26.03632pt, for example:
(fancyhdr)                \setlength{\headheight}{26.03632pt}.
(fancyhdr)                You might also make \topmargin smaller to compensate:

(fancyhdr)                \addtolength{\topmargin}{-0.03632pt}.

[4]
File: pic/structure_of_transformer.jpg Graphic file (type bmp)
<pic/structure_of_transformer.jpg>


Package fancyhdr Warning: \headheight is too small (26.0pt): 
(fancyhdr)                Make it at least 26.03632pt, for example:
(fancyhdr)                \setlength{\headheight}{26.03632pt}.
(fancyhdr)                You might also make \topmargin smaller to compensate:

(fancyhdr)                \addtolength{\topmargin}{-0.03632pt}.

[5]
Overfull \hbox (25.76819pt too wide) in paragraph at lines 408--414
\TU/SimSun(0)/m/n/12 序 列，|  形 状 为 $\OT1/cmr/m/n/12 [[]\OML/cmm/m/it/12 ; []\OT1
/cmr/m/n/12 ]$\TU/SimSun(0)/m/n/12 ；|  模 型 输 出 为 \TU/TimesNewRoman(0)/m/n/12 lo
gits\TU/SimSun(0)/m/n/12 ，|  形 状 为 $\OT1/cmr/m/n/12 [[]\OML/cmm/m/it/12 ; []; [
]\OT1/cmr/m/n/12 ]$\TU/SimSun(0)/m/n/12 。|
 []


Package fancyhdr Warning: \headheight is too small (26.0pt): 
(fancyhdr)                Make it at least 26.03632pt, for example:
(fancyhdr)                \setlength{\headheight}{26.03632pt}.
(fancyhdr)                You might also make \topmargin smaller to compensate:

(fancyhdr)                \addtolength{\topmargin}{-0.03632pt}.

[6]
Overfull \hbox (27.7429pt too wide) in paragraph at lines 415--419
[]\TU/SimSun(0)/m/n/12 从 整 体 结 构 看，| \TU/lmtt/m/n/12 MiniGPT \TU/SimSun(0)/m/n/
12 包 含 词 嵌 入、|  位 置 嵌 入、|  嵌 入 \TU/TimesNewRoman(0)/m/n/12 Dropout\TU/SimSun(0)
/m/n/12 、|  多 层 \TU/lmtt/m/n/12 TransformerBlock\TU/SimSun(0)/m/n/12 、|
 []

File: pic/minigpt模型结构图.png Graphic file (type bmp)
<pic/minigpt模型结构图.png>

Overfull \hbox (0.925pt too wide) in paragraph at lines 436--441
[]\TU/lmtt/m/n/12 MiniGPTConfig \TU/SimSun(0)/m/n/12 用 于 集 中 管 理 模 型 结 构 参 数，| 
 包 括 \TU/lmtt/m/n/12 vocab_size\TU/SimSun(0)/m/n/12 、| \TU/lmtt/m/n/12 context_
length\TU/SimSun(0)/m/n/12 、|
 []


Package fancyhdr Warning: \headheight is too small (26.0pt): 
(fancyhdr)                Make it at least 26.03632pt, for example:
(fancyhdr)                \setlength{\headheight}{26.03632pt}.
(fancyhdr)                You might also make \topmargin smaller to compensate:

(fancyhdr)                \addtolength{\topmargin}{-0.03632pt}.

[7]

Package fancyhdr Warning: \headheight is too small (26.0pt): 
(fancyhdr)                Make it at least 26.03632pt, for example:
(fancyhdr)                \setlength{\headheight}{26.03632pt}.
(fancyhdr)                You might also make \topmargin smaller to compensate:

(fancyhdr)                \addtolength{\topmargin}{-0.03632pt}.

[8]

Package fancyhdr Warning: \headheight is too small (26.0pt): 
(fancyhdr)                Make it at least 26.03632pt, for example:
(fancyhdr)                \setlength{\headheight}{26.03632pt}.
(fancyhdr)                You might also make \topmargin smaller to compensate:

(fancyhdr)                \addtolength{\topmargin}{-0.03632pt}.

[9]
Overfull \hbox (45.36194pt too wide) in paragraph at lines 524--529
\TU/SimSun(0)/m/n/12 试 模 型 输 入 输 出 形 状，|  确 认 输 入 $\OT1/cmr/m/n/12 [[]\OML/cmm/
m/it/12 ; []\OT1/cmr/m/n/12 ]$ \TU/SimSun(0)/m/n/12 后 能 够 得 到 $\OT1/cmr/m/n/12 
[[]\OML/cmm/m/it/12 ; []; []\OT1/cmr/m/n/12 ]$
 []


Package fancyhdr Warning: \headheight is too small (26.0pt): 
(fancyhdr)                Make it at least 26.03632pt, for example:
(fancyhdr)                \setlength{\headheight}{26.03632pt}.
(fancyhdr)                You might also make \topmargin smaller to compensate:

(fancyhdr)                \addtolength{\topmargin}{-0.03632pt}.

[10]

Package fancyhdr Warning: \headheight is too small (26.0pt): 
(fancyhdr)                Make it at least 26.03632pt, for example:
(fancyhdr)                \setlength{\headheight}{26.03632pt}.
(fancyhdr)                You might also make \topmargin smaller to compensate:

(fancyhdr)                \addtolength{\topmargin}{-0.03632pt}.

[11]
Overfull \hbox (25.86797pt too wide) in paragraph at lines 584--588
[]\TU/SimSun(0)/b/n/12 分 词 器 选 择。|  \TU/SimSun(0)/m/n/12 本 项 目 的 \TU/lmtt/m/n/1
2 tiny_tokenizer.py \TU/SimSun(0)/m/n/12 中 保 留 了 两 种 分 词 器 实 现：| \TU/lmtt/m/n/1
2 GPT2Tokenizer
 []


Package fancyhdr Warning: \headheight is too small (26.0pt): 
(fancyhdr)                Make it at least 26.03632pt, for example:
(fancyhdr)                \setlength{\headheight}{26.03632pt}.
(fancyhdr)                You might also make \topmargin smaller to compensate:

(fancyhdr)                \addtolength{\topmargin}{-0.03632pt}.

[12]

Package fancyhdr Warning: \headheight is too small (26.0pt): 
(fancyhdr)                Make it at least 26.03632pt, for example:
(fancyhdr)                \setlength{\headheight}{26.03632pt}.
(fancyhdr)                You might also make \topmargin smaller to compensate:

(fancyhdr)                \addtolength{\topmargin}{-0.03632pt}.

[13]
File: pic/pretrain_loss.png Graphic file (type bmp)
<pic/pretrain_loss.png>


Package fancyhdr Warning: \headheight is too small (26.0pt): 
(fancyhdr)                Make it at least 26.03632pt, for example:
(fancyhdr)                \setlength{\headheight}{26.03632pt}.
(fancyhdr)                You might also make \topmargin smaller to compensate:

(fancyhdr)                \addtolength{\topmargin}{-0.03632pt}.

[14]

Package fancyhdr Warning: \headheight is too small (26.0pt): 
(fancyhdr)                Make it at least 26.03632pt, for example:
(fancyhdr)                \setlength{\headheight}{26.03632pt}.
(fancyhdr)                You might also make \topmargin smaller to compensate:

(fancyhdr)                \addtolength{\topmargin}{-0.03632pt}.

[15]

Package fancyhdr Warning: \headheight is too small (26.0pt): 
(fancyhdr)                Make it at least 26.03632pt, for example:
(fancyhdr)                \setlength{\headheight}{26.03632pt}.
(fancyhdr)                You might also make \topmargin smaller to compensate:

(fancyhdr)                \addtolength{\topmargin}{-0.03632pt}.

[16]
Overfull \hbox (1.62378pt too wide) in paragraph at lines 746--747
[]\TU/SimSun(0)/m/n/12 该 任 务 的 输 入 是 一 段 \TU/TimesNewRoman(0)/m/n/12 TinyStorie
s \TU/SimSun(0)/m/n/12 风 格 的 英 文 故 事 结 尾 文 本，|  输 出 类 别 为 \TU/lmtt/m/n/12 posit
ive
 []


Overfull \hbox (19.54703pt too wide) in paragraph at lines 756--768
 [][] 
 []


Package fancyhdr Warning: \headheight is too small (26.0pt): 
(fancyhdr)                Make it at least 26.03632pt, for example:
(fancyhdr)                \setlength{\headheight}{26.03632pt}.
(fancyhdr)                You might also make \topmargin smaller to compensate:

(fancyhdr)                \addtolength{\topmargin}{-0.03632pt}.

[17]

Package fancyhdr Warning: \headheight is too small (26.0pt): 
(fancyhdr)                Make it at least 26.03632pt, for example:
(fancyhdr)                \setlength{\headheight}{26.03632pt}.
(fancyhdr)                You might also make \topmargin smaller to compensate:

(fancyhdr)                \addtolength{\topmargin}{-0.03632pt}.

[18]
File: ../my_tiny_gpt/outputs/final_result/finetune_loss.png Graphic file (type 
bmp)
<../my_tiny_gpt/outputs/final_result/finetune_loss.png>


Package fancyhdr Warning: \headheight is too small (26.0pt): 
(fancyhdr)                Make it at least 26.03632pt, for example:
(fancyhdr)                \setlength{\headheight}{26.03632pt}.
(fancyhdr)                You might also make \topmargin smaller to compensate:

(fancyhdr)                \addtolength{\topmargin}{-0.03632pt}.

[19]
File: ../my_tiny_gpt/outputs/final_result/finetune_accuracy.png Graphic file (t
ype bmp)
<../my_tiny_gpt/outputs/final_result/finetune_accuracy.png>


Package fancyhdr Warning: \headheight is too small (26.0pt): 
(fancyhdr)                Make it at least 26.03632pt, for example:
(fancyhdr)                \setlength{\headheight}{26.03632pt}.
(fancyhdr)                You might also make \topmargin smaller to compensate:

(fancyhdr)                \addtolength{\topmargin}{-0.03632pt}.

[20]
Overfull \hbox (25.85657pt too wide) in paragraph at lines 849--861
 [][] 
 []


Package fancyhdr Warning: \headheight is too small (26.0pt): 
(fancyhdr)                Make it at least 26.03632pt, for example:
(fancyhdr)                \setlength{\headheight}{26.03632pt}.
(fancyhdr)                You might also make \topmargin smaller to compensate:

(fancyhdr)                \addtolength{\topmargin}{-0.03632pt}.

[21]

Package fancyhdr Warning: \headheight is too small (26.0pt): 
(fancyhdr)                Make it at least 26.03632pt, for example:
(fancyhdr)                \setlength{\headheight}{26.03632pt}.
(fancyhdr)                You might also make \topmargin smaller to compensate:

(fancyhdr)                \addtolength{\topmargin}{-0.03632pt}.

[22]

Package fancyhdr Warning: \headheight is too small (26.0pt): 
(fancyhdr)                Make it at least 26.03632pt, for example:
(fancyhdr)                \setlength{\headheight}{26.03632pt}.
(fancyhdr)                You might also make \topmargin smaller to compensate:

(fancyhdr)                \addtolength{\topmargin}{-0.03632pt}.

[23]

Package fancyhdr Warning: \headheight is too small (26.0pt): 
(fancyhdr)                Make it at least 26.03632pt, for example:
(fancyhdr)                \setlength{\headheight}{26.03632pt}.
(fancyhdr)                You might also make \topmargin smaller to compensate:

(fancyhdr)                \addtolength{\topmargin}{-0.03632pt}.

[24]
Missing character: There is no ├ (U+251C) in font [lmmono12-regular]:!
Missing character: There is no ─ (U+2500) in font [lmmono12-regular]:!
Missing character: There is no ─ (U+2500) in font [lmmono12-regular]:!
Missing character: There is no ├ (U+251C) in font [lmmono12-regular]:!
Missing character: There is no ─ (U+2500) in font [lmmono12-regular]:!
Missing character: There is no ─ (U+2500) in font [lmmono12-regular]:!
Missing character: There is no ├ (U+251C) in font [lmmono12-regular]:!
Missing character: There is no ─ (U+2500) in font [lmmono12-regular]:!
Missing character: There is no ─ (U+2500) in font [lmmono12-regular]:!
Missing character: There is no ├ (U+251C) in font [lmmono12-regular]:!
Missing character: There is no ─ (U+2500) in font [lmmono12-regular]:!
Missing character: There is no ─ (U+2500) in font [lmmono12-regular]:!

Package fancyhdr Warning: \headheight is too small (26.0pt): 
(fancyhdr)                Make it at least 26.03632pt, for example:
(fancyhdr)                \setlength{\headheight}{26.03632pt}.
(fancyhdr)                You might also make \topmargin smaller to compensate:

(fancyhdr)                \addtolength{\topmargin}{-0.03632pt}.

[25]
Missing character: There is no ├ (U+251C) in font [lmmono12-regular]:!
Missing character: There is no ─ (U+2500) in font [lmmono12-regular]:!
Missing character: There is no ─ (U+2500) in font [lmmono12-regular]:!
Missing character: There is no ├ (U+251C) in font [lmmono12-regular]:!
Missing character: There is no ─ (U+2500) in font [lmmono12-regular]:!
Missing character: There is no ─ (U+2500) in font [lmmono12-regular]:!
Missing character: There is no ├ (U+251C) in font [lmmono12-regular]:!
Missing character: There is no ─ (U+2500) in font [lmmono12-regular]:!
Missing character: There is no ─ (U+2500) in font [lmmono12-regular]:!
Missing character: There is no │ (U+2502) in font [lmmono12-regular]:!
Missing character: There is no ├ (U+251C) in font [lmmono12-regular]:!
Missing character: There is no ─ (U+2500) in font [lmmono12-regular]:!
Missing character: There is no ─ (U+2500) in font [lmmono12-regular]:!
Missing character: There is no │ (U+2502) in font [lmmono12-regular]:!
Missing character: There is no ├ (U+251C) in font [lmmono12-regular]:!
Missing character: There is no ─ (U+2500) in font [lmmono12-regular]:!
Missing character: There is no ─ (U+2500) in font [lmmono12-regular]:!
Missing character: There is no │ (U+2502) in font [lmmono12-regular]:!
Missing character: There is no ├ (U+251C) in font [lmmono12-regular]:!
Missing character: There is no ─ (U+2500) in font [lmmono12-regular]:!
Missing character: There is no ─ (U+2500) in font [lmmono12-regular]:!
Missing character: There is no │ (U+2502) in font [lmmono12-regular]:!
Missing character: There is no └ (U+2514) in font [lmmono12-regular]:!
Missing character: There is no ─ (U+2500) in font [lmmono12-regular]:!
Missing character: There is no ─ (U+2500) in font [lmmono12-regular]:!
Missing character: There is no └ (U+2514) in font [lmmono12-regular]:!
Missing character: There is no ─ (U+2500) in font [lmmono12-regular]:!
Missing character: There is no ─ (U+2500) in font [lmmono12-regular]:!
Missing character: There is no ├ (U+251C) in font [lmmono12-regular]:!
Missing character: There is no ─ (U+2500) in font [lmmono12-regular]:!
Missing character: There is no ─ (U+2500) in font [lmmono12-regular]:!
Missing character: There is no └ (U+2514) in font [lmmono12-regular]:!
Missing character: There is no ─ (U+2500) in font [lmmono12-regular]:!
Missing character: There is no ─ (U+2500) in font [lmmono12-regular]:!
Missing character: There is no ├ (U+251C) in font [lmmono12-regular]:!
Missing character: There is no ─ (U+2500) in font [lmmono12-regular]:!
Missing character: There is no ─ (U+2500) in font [lmmono12-regular]:!
Missing character: There is no └ (U+2514) in font [lmmono12-regular]:!
Missing character: There is no ─ (U+2500) in font [lmmono12-regular]:!
Missing character: There is no ─ (U+2500) in font [lmmono12-regular]:!

Package fancyhdr Warning: \headheight is too small (26.0pt): 
(fancyhdr)                Make it at least 26.03632pt, for example:
(fancyhdr)                \setlength{\headheight}{26.03632pt}.
(fancyhdr)                You might also make \topmargin smaller to compensate:

(fancyhdr)                \addtolength{\topmargin}{-0.03632pt}.

[26]

Package fancyhdr Warning: \headheight is too small (26.0pt): 
(fancyhdr)                Make it at least 26.03632pt, for example:
(fancyhdr)                \setlength{\headheight}{26.03632pt}.
(fancyhdr)                You might also make \topmargin smaller to compensate:

(fancyhdr)                \addtolength{\topmargin}{-0.03632pt}.

[27]

Package fancyhdr Warning: \headheight is too small (26.0pt): 
(fancyhdr)                Make it at least 26.03632pt, for example:
(fancyhdr)                \setlength{\headheight}{26.03632pt}.
(fancyhdr)                You might also make \topmargin smaller to compensate:

(fancyhdr)                \addtolength{\topmargin}{-0.03632pt}.

[28] (./report.aux)
 ***********
LaTeX2e <2023-11-01> patch level 1
L3 programming layer <2022/07/14>
 ***********
 ) 
Here is how much of TeX's memory you used:
 13106 strings out of 474773
 329756 string characters out of 5745715
 1942842 words of memory out of 5000000
 35019 multiletter control sequences out of 15000+600000
 577040 words of font info for 175 fonts, out of 8000000 for 9000
 1348 hyphenation exceptions out of 8191
 93i,12n,97p,1195b,1047s stack positions out of 10000i,1000n,20000p,200000b,200000s

Output written on report.pdf (30 pages).
